// Jest Snapshot v1, https://goo.gl/fbAQLP

exports[`<EditorHeader /> matches snapshot 1`] = `
<div
  className="container"
>
  <h3
    className="bp3-heading"
  >
    <div
      className="bp3-editable-text snippetTitle"
      onFocus={[Function]}
    >
      <input
        className="bp3-editable-text-input"
        disabled={false}
        onBlur={[Function]}
        onChange={[Function]}
        onKeyDown={[Function]}
        placeholder="Edit title..."
        type="text"
        value="test"
      />
    </div>
  </h3>
</div>
`;
