// Jest Snapshot v1, https://goo.gl/fbAQLP

exports[`<Editor /> matches snapshot 1`] = `
<div
  className="editor"
>
  <div
    id="ace-editor"
    style={
      Object {
        "height": "691px",
        "width": "824px",
      }
    }
  />
</div>
`;
